// Jest Snapshot v1, https://goo.gl/fbAQLP

exports[`The user login if user tries to login with invalid email, return error email must be valid 1`] = `
Object {
  "header": Object {
    "access-control-allow-origin": "*",
    "connection": "close",
    "content-length": "80",
    "content-type": "application/json; charset=utf-8",
    "date": "Thu, 05 Jul 2018 13:38:17 GMT",
    "etag": "W/\\"50-ApG9uD1xEep3TQHaYI4BQBuXHgU\\"",
    "x-powered-by": "Express",
  },
  "req": Object {
    "data": Object {
      "email": "bahdcoder@gmailcom",
      "password": "password",
    },
    "headers": Object {
      "content-type": "application/json",
      "user-agent": "node-superagent/3.8.2",
    },
    "method": "POST",
    "url": "http://127.0.0.1:35509/api/v1/users/signin",
  },
  "status": 422,
  "text": "{\\"status\\":\\"fail\\",\\"data\\":{\\"errors\\":[\\"The email must be a valid email address.\\"]}}",
}
`;
